# Repository-relative test source path|maximum short wall-clock deadline count. This baseline may only shrink.
tests/agent/BotNexus.Agent.Core.Tests/Loop/ToolExecutorConcurrencyTests.cs|1
tests/agent/BotNexus.Agent.Core.Tests/Loop/ToolExecutorTimeoutTests.cs|3
tests/agent/BotNexus.Agent.Core.Tests/Security/BeforeToolCallAmbiguityTests.cs|6
tests/agent/BotNexus.Agent.Core.Tests/Security/BeforeToolCallTimeoutTests.cs|6
tests/agent/BotNexus.Agent.Providers.Anthropic.Tests/AnthropicDirectRequestSnapshotTests.cs|1
tests/agent/BotNexus.Agent.Providers.Anthropic.Tests/AnthropicProviderAlignmentTests.cs|22
tests/agent/BotNexus.Agent.Providers.Anthropic.Tests/AnthropicProviderTests.cs|2
tests/agent/BotNexus.Agent.Providers.Anthropic.Tests/ContextWindowSelectionTests.cs|5
tests/agent/BotNexus.Agent.Providers.Anthropic.Tests/StreamSetupTimeoutTests.cs|4
tests/agent/BotNexus.Agent.Providers.Copilot.Tests/Completions/CopilotCompletionsProviderParityTests.cs|2
tests/agent/BotNexus.Agent.Providers.Copilot.Tests/CopilotGatewayRoutingTests.cs|1
tests/agent/BotNexus.Agent.Providers.Copilot.Tests/CopilotRequestSnapshotTests.cs|1
tests/agent/BotNexus.Agent.Providers.Copilot.Tests/CopilotWireReplayTests.cs|1
tests/agent/BotNexus.Agent.Providers.Copilot.Tests/Messages/CopilotMessagesProviderParityTests.cs|5
tests/agent/BotNexus.Agent.Providers.Copilot.Tests/Messages/CopilotMessagesThinkingMappingTests.cs|1
tests/agent/BotNexus.Agent.Providers.Copilot.Tests/Responses/CopilotResponsesProviderParityTests.cs|6
tests/agent/BotNexus.Agent.Providers.Copilot.Tests/Responses/CopilotResponsesTransportTests.cs|7
tests/agent/BotNexus.Agent.Providers.Core.Tests/Streaming/CompletionsTextDeltaNormalizationTests.cs|1
tests/agent/BotNexus.Agent.Providers.Core.Tests/Streaming/ContentFilterStopReasonParityTests.cs|2
tests/agent/BotNexus.Agent.Providers.Core.Tests/Streaming/RefusalContentNormalizationTests.cs|2
tests/agent/BotNexus.Agent.Providers.Core.Tests/Streaming/ResponsesStreamAssemblyConformanceTests.cs|2
tests/agent/BotNexus.Agent.Providers.Core.Tests/Streaming/ResponsesStreamEngineTests.cs|1
tests/agent/BotNexus.Agent.Providers.Core.Tests/Streaming/ResponsesStreamParserUnificationTests.cs|2
tests/agent/BotNexus.Agent.Providers.Core.Tests/Utilities/BoundedHttpContentIdleTimeoutTests.cs|2
tests/agent/BotNexus.Agent.Providers.OpenAI.Tests/OpenAIProviderAlignmentTests.cs|4
tests/agent/BotNexus.Agent.Providers.OpenAI.Tests/OpenAIResponsesProviderTests.cs|9
tests/agent/BotNexus.Agent.Providers.OpenAICompat.Tests/OpenAICompatProviderConstructorTests.cs|1
tests/agent/BotNexus.Providers.Conformance.Tests/StreamingProviderConformanceTests.cs|5
tests/extensions/BotNexus.Extensions.Qmd.Tests/QmdIndexHostedServiceTests.cs|1
tests/gateway/BotNexus.Cron.Tests/CronSchedulerTests.cs|2
tests/gateway/BotNexus.Cron.Tests/CronTimeoutSentinelTests.cs|2
tests/gateway/BotNexus.Gateway.Conversations.Tests/SqliteConversationStoreArchiveLockTimeoutTests.cs|1
tests/gateway/BotNexus.Gateway.Tests/Agents/SubAgentEagerConversationPinTests.cs|1
tests/gateway/BotNexus.Gateway.Tests/Api/HeartbeatTriggerTests.cs|2
tests/gateway/BotNexus.Gateway.Tests/Audit/ToolAuditWriteAheadTests.cs|1
tests/gateway/BotNexus.Gateway.Tests/Channels/TelegramChannelAdapterTests.cs|19
tests/gateway/BotNexus.Gateway.Tests/Concurrency/StripedAsyncLockTests.cs|2
tests/gateway/BotNexus.Gateway.Tests/Controllers/ConversationMessagesControllerTests.cs|1
tests/gateway/BotNexus.Gateway.Tests/CrossWorldFederationControllerTests.cs|3
tests/gateway/BotNexus.Gateway.Tests/Diagnostics/LivenessHardeningTests.cs|1
tests/gateway/BotNexus.Gateway.Tests/Dispatching/DefaultInboundMessageOrchestratorTests.cs|3
tests/gateway/BotNexus.Gateway.Tests/Dispatching/InboundQueueRecreationRegressionTests.cs|1
tests/gateway/BotNexus.Gateway.Tests/GatewayHostTests.cs|3
tests/gateway/BotNexus.Gateway.Tests/Services/AskUserResponseRegistryTests.cs|1
tests/gateway/BotNexus.Gateway.Tests/Sessions/LegacyConversationBackfillTests.cs|1
tests/gateway/BotNexus.Gateway.Tests/Steering/GatewaySteeringTests.cs|10
tests/gateway/BotNexus.Gateway.Tests/Tools/ConversationSaveRetryTests.cs|2
tests/persistence/BotNexus.Persistence.Seam.Tests/Conversations/ConversationLostUpdateSeamTests.cs|1
