# Repository-relative test source path|maximum finite wait count. This baseline may only shrink.
tests/extensions/BotNexus.Extensions.Skills.Tests/SqliteSkillUsageStoreTests.cs|1
tests/gateway/BotNexus.Cron.Tests/CronToolCrossJobHistoryTests.cs|1
tests/gateway/BotNexus.Gateway.Conversations.Tests/ConversationPinTests.cs|1
tests/gateway/BotNexus.Gateway.Conversations.Tests/ConversationStoreContractTests.cs|1
tests/gateway/BotNexus.Gateway.Conversations.Tests/SqliteConversationStoreTests.cs|1
tests/gateway/BotNexus.Gateway.Tests/Configuration/ConfigHydrationServiceTests.cs|1
tests/gateway/BotNexus.Gateway.Tests/Configuration/PlatformAgentReconciliationServiceTests.cs|2
tests/gateway/BotNexus.Gateway.Tests/Configuration/PlatformConfigWriterNoOpTests.cs|1
tests/gateway/BotNexus.Gateway.Tests/Diagnostics/MemoryPressureMonitorTests.cs|1
tests/gateway/BotNexus.Gateway.Tests/GatewaySessionBehaviorSnapshotTests.cs|2
tests/gateway/BotNexus.Gateway.Tests/InProcessAgentHandleTests.cs|2
tests/gateway/BotNexus.Gateway.Tests/Satellites/InMemorySatelliteRegistryTests.cs|1
tests/gateway/BotNexus.Gateway.Tests/Sessions/CompactionModelTests.cs|1
tests/integration/BotNexus.Integration.ConfigDiskE2E.Tests/ConfigMutationMatrixDiskTests.cs|1
tests/persistence/BotNexus.Persistence.Sqlite.Tests/SqliteUsageTelemetryStoreTests.cs|1
